[html/index.html]
[backblue.gif]
[fade.gif]
[index.html]
[png/favicon.png]
[css/bootstrap.min.css]
[css/bootstrap-theme.min.css]
[css/bootstrap-rtl.min.css]
[css/block_grid_bootstrap.css]
[css/font-awesome.min.css]
[css/typicons.min.css]
[css/odometer-theme-default.css]
[css/slider-pro.min.css]
[css/animate-custom.css]
[css/owl.carousel.css]
[css/owl.theme.default.min.css]
[css/slicknav.min.css]
[css/style.css]
[png/logo.png]
[html/our-services-1.html]
[html/our-services-2.html]
[html/our-services-3.html]
[html/our-services-4.html]
[html/our-services-5.html]
[html/our-services-6.html]
[html/our-services-7.html]
[html/our-services-8.html]
[html/our-services-9.html]
[html/our-customer.html]
[html/about-us.html]
[html/contact-us.html]
[jpg/1.jpg]
[jpg/2.jpg]
[other/our-services]
[jpg/3.jpg]
[html/index-3.html]
[js/jquery.min.js]
[js/bootstrap.min.js]
[js/jquery.hoverintent.js]
[js/superfish.min.js]
[js/jquery.sliderpro.min.js]
[js/owl.carousel.min.js]
[js/odometer.min.js]
[js/waypoints.min.js]
[js/jquery.slicknav.min.js]
[js/wow.min.js]
[js/retina.min.js]
[html/index.html]
[js/custom.js]
[eot/glyphicons-halflings-regular.eot]
[css/bootstrap.min.css]
[css/bootstrap-theme.min.css]
[css/bootstrap-rtl.min.css]
[css/block_grid_bootstrap.css]
[eot/fontawesome-webfont5b62.eot]
[eot/fontawesome-webfont.eot]
[woff/fontawesome-webfont5b62.woff]
[ttf/fontawesome-webfont5b62.ttf]
[svg/fontawesome-webfont5b62.svg]
[css/font-awesome.min.css]
[eot/typicons.eot]
[woff/typicons.woff]
[ttf/typicons.ttf]
[svg/typicons.svg]
[css/typicons.min.css]
[css/odometer-theme-default.css]
[cur/openhand.cur]
[cur/closedhand.cur]
[css/slider-pro.min.css]
[css/animate-custom.css]
[png/owl.video.play.png]
[css/owl.carousel.css]
[css/owl.theme.default.min.css]
[css/slicknav.min.css]
[png/overlay-pattern.png]
[jpg/aboutusbg.jpg]
[jpg/numbersbg.jpg]
[jpg/pricing-table-bg.jpg]
[png/white-skew-top.png]
[png/white-skew-bottom.png]
[jpg/about-1.jpg]
[jpg/faq-bg-header.jpg]
[jpg/projects1-bg-header.jpg]
[jpg/projects2-bg-header.jpg]
[jpg/project-single-3.jpg]
[jpg/about1-slider1.jpg]
[jpg/contact_bg.jpg]
[png/video-pattern-overlay.png]
[css/style.css]
[png/favicon-2.png]
[css/bootstrap.min-2.css]
[css/bootstrap-theme.min-2.css]
[css/bootstrap-rtl.min-2.css]
[css/block_grid_bootstrap-2.css]
[css/font-awesome.min-2.css]
[css/typicons.min-2.css]
[css/odometer-theme-default-2.css]
[css/slider-pro.min-2.css]
[css/animate-custom-2.css]
[css/owl.carousel-2.css]
[css/owl.theme.default.min-2.css]
[css/slicknav.min-2.css]
[css/style-2.css]
[png/logo-2.png]
[html/our-services-10.html]
[jpg/1-2.jpg]
[js/jquery.min-2.js]
[js/bootstrap.min-2.js]
[js/jquery.hoverintent-2.js]
[js/superfish.min-2.js]
[js/jquery.sliderpro.min-2.js]
[js/owl.carousel.min-2.js]
[js/odometer.min-2.js]
[js/waypoints.min-2.js]
[js/jquery.slicknav.min-2.js]
[js/wow.min-2.js]
[js/retina.min-2.js]
[html/our-services-1.html]
[js/custom-2.js]
[html/our-services-2.html]
[html/our-services-3.html]
[html/our-services-4.html]
[html/our-services-5.html]
[html/our-services-6.html]
[html/our-services-7.html]
[html/our-services-8.html]
[html/our-services-9.html]
[jpg/index2-slider-7.jpg]
[html/our-customer.html]
[jpg/project4.jpg]
[html/about-us.html]
[jpg/project-single-2-3.jpg]
[html/contact-us.html]
[html/our-services.html]
[html/index-3.html]
[html/glyphicons-halflings-regular.html]
[html/fontawesome-webfont5b62.html]
[html/fontawesome-webfont.html]
[html/fontawesome-webfont5b62-2.html]
[html/fontawesome-webfont5b62-3.html]
[html/typicons.html]
[html/typicons-2.html]
[html/openhand.html]
[html/closedhand.html]
[html/owl.video.play.html]
[html/overlay-pattern.html]
[html/pricing-table-bg.html]
[html/white-skew-top.html]
[html/white-skew-bottom.html]
[html/projects1-bg-header.html]
[html/projects2-bg-header.html]
[html/contact_bg.html]
[html/video-pattern-overlay.html]
[eot/glyphicons-halflings-regular.eot]
[css/bootstrap.min-2.css]
[css/bootstrap-theme.min-2.css]
[css/bootstrap-rtl.min-2.css]
[css/block_grid_bootstrap-2.css]
[eot/fontawesome-webfont5b62.eot]
[eot/fontawesome-webfont.eot]
[woff/fontawesome-webfont5b62-2.woff]
[ttf/fontawesome-webfont5b62-2.ttf]
[svg/fontawesome-webfont5b62.svg]
[css/font-awesome.min-2.css]
[eot/typicons.eot]
[woff/typicons-2.woff]
[ttf/typicons-2.ttf]
[svg/typicons.svg]
[css/typicons.min-2.css]
[css/odometer-theme-default-2.css]
[cur/openhand.cur]
[cur/closedhand.cur]
[css/slider-pro.min-2.css]
[css/animate-custom-2.css]
[png/owl.video.play.png]
[css/owl.carousel-2.css]
[css/owl.theme.default.min-2.css]
[css/slicknav.min-2.css]
[png/overlay-pattern.png]
[jpg/aboutusbg-2.jpg]
[jpg/numbersbg-2.jpg]
[jpg/pricing-table-bg.jpg]
[png/white-skew-top.png]
[png/white-skew-bottom.png]
[jpg/3-2.jpg]
[jpg/about-2.jpg]
[jpg/faq-bg-header-2.jpg]
[jpg/projects1-bg-header.jpg]
[jpg/projects2-bg-header.jpg]
[jpg/project-single-4.jpg]
[jpg/about1-slider1-2.jpg]
[jpg/contact_bg.jpg]
[png/video-pattern-overlay.png]
[css/style-2.css]
[html/index-4.html]
[html/index-16.html]
[html/our-services-10.html]
[html/index-5.html]
[html/index-6.html]
[html/index-7.html]
[html/index-8.html]
[html/index-9.html]
[html/index-10.html]
[html/index-11.html]
[html/index-12.html]
[html/index-13.html]
[html/index-14.html]
[html/index-15.html]
[html/index-2.html]
[html/glyphicons-halflings-regular-2.html]
[html/fontawesome-webfont5b62-4.html]
[html/fontawesome-webfont-2.html]
[html/fontawesome-webfont5b62-5.html]
[html/fontawesome-webfont5b62-6.html]
[html/typicons-3.html]
[html/typicons-4.html]
[html/openhand-2.html]
[html/closedhand-2.html]
[html/owl.video.play-2.html]
[html/overlay-pattern-2.html]
[html/pricing-table-bg-2.html]
[html/white-skew-top-2.html]
[html/white-skew-bottom-2.html]
[html/projects1-bg-header-2.html]
[html/projects2-bg-header-2.html]
[html/contact_bg-2.html]
[html/video-pattern-overlay-2.html]
[html/index-18.html]
[html/our-services-11.html]
[jpg/2-2.jpg]
[html/index-16.html]
[html/index-17.html]
[html/index-18.html]
[other/our-services-1]
[html/our-services-11.html]
[other/our-services-2]
[other/our-services-3]
[other/our-services-4]
[other/our-services-5]
[other/our-services-6]
[other/our-services-7]
[other/our-services-8]
[other/our-services-9]
[other/our-customer]
[other/about-us]
[other/contact-us]
[html/index-19.html]
